// Jest Snapshot v1, https://goo.gl/fbAQLP

exports[`should render expense list item correctly 1`] = `
<div>
  <Link
    to="/edit/2"
  >
    <h3>
      Description:
      Rent
    </h3>
  </Link>
  <p>
    $100.00
    -
    December 27th, 1969
  </p>
</div>
`;
